Analysis & Synthesis report for maq_refri
Fri Nov 22 12:08:51 2024
Quartus Prime Version 21.1.0 Build 842 10/21/2021 SJ Lite Edition


---------------------
; Table of Contents ;
---------------------
  1. Legal Notice
  2. Analysis & Synthesis Summary
  3. Analysis & Synthesis Settings
  4. Parallel Compilation
  5. Analysis & Synthesis Source Files Read
  6. Analysis & Synthesis Resource Usage Summary
  7. Analysis & Synthesis Resource Utilization by Entity
  8. User-Specified and Inferred Latches
  9. General Register Statistics
 10. Inverted Register Statistics
 11. Multiplexer Restructuring Statistics (Restructuring Performed)
 12. Parameter Settings for User Entity Instance: debouncer:inst2
 13. Parameter Settings for Inferred Entity Instance: refri:inst|lpm_divide:Div0
 14. Parameter Settings for Inferred Entity Instance: refri:inst|lpm_divide:Mod0
 15. Parameter Settings for Inferred Entity Instance: refri:inst|lpm_divide:Div1
 16. Parameter Settings for Inferred Entity Instance: refri:inst|lpm_divide:Mod1
 17. Post-Synthesis Netlist Statistics for Top Partition
 18. Elapsed Time Per Partition
 19. Analysis & Synthesis Messages



----------------
; Legal Notice ;
----------------
Copyright (C) 2021  Intel Corporation. All rights reserved.
Your use of Intel Corporation's design tools, logic functions 
and other software and tools, and any partner logic 
functions, and any output files from any of the foregoing 
(including device programming or simulation files), and any 
associated documentation or information are expressly subject 
to the terms and conditions of the Intel Program License 
Subscription Agreement, the Intel Quartus Prime License Agreement,
the Intel FPGA IP License Agreement, or other applicable license
agreement, including, without limitation, that your use is for
the sole purpose of programming logic devices manufactured by
Intel and sold by Intel or its authorized distributors.  Please
refer to the applicable agreement for further details, at
https://fpgasoftware.intel.com/eula.



+-------------------------------------------------------------------------------+
; Analysis & Synthesis Summary                                                  ;
+---------------------------------+---------------------------------------------+
; Analysis & Synthesis Status     ; Successful - Fri Nov 22 12:08:51 2024       ;
; Quartus Prime Version           ; 21.1.0 Build 842 10/21/2021 SJ Lite Edition ;
; Revision Name                   ; maq_refri                                   ;
; Top-level Entity Name           ; maq_refri                                   ;
; Family                          ; Cyclone V                                   ;
; Logic utilization (in ALMs)     ; N/A                                         ;
; Total registers                 ; 30                                          ;
; Total pins                      ; 33                                          ;
; Total virtual pins              ; 0                                           ;
; Total block memory bits         ; 0                                           ;
; Total DSP Blocks                ; 0                                           ;
; Total HSSI RX PCSs              ; 0                                           ;
; Total HSSI PMA RX Deserializers ; 0                                           ;
; Total HSSI TX PCSs              ; 0                                           ;
; Total HSSI PMA TX Serializers   ; 0                                           ;
; Total PLLs                      ; 0                                           ;
; Total DLLs                      ; 0                                           ;
+---------------------------------+---------------------------------------------+


+---------------------------------------------------------------------------------------------------------------------------+
; Analysis & Synthesis Settings                                                                                             ;
+---------------------------------------------------------------------------------+--------------------+--------------------+
; Option                                                                          ; Setting            ; Default Value      ;
+---------------------------------------------------------------------------------+--------------------+--------------------+
; Device                                                                          ; 5CEBA4F23C7        ;                    ;
; Top-level entity name                                                           ; maq_refri          ; maq_refri          ;
; Family name                                                                     ; Cyclone V          ; Cyclone V          ;
; Use smart compilation                                                           ; Off                ; Off                ;
; Enable parallel Assembler and Timing Analyzer during compilation                ; On                 ; On                 ;
; Enable compact report table                                                     ; Off                ; Off                ;
; Restructure Multiplexers                                                        ; Auto               ; Auto               ;
; MLAB Add Timing Constraints For Mixed-Port Feed-Through Mode Setting Don't Care ; Off                ; Off                ;
; Create Debugging Nodes for IP Cores                                             ; Off                ; Off                ;
; Preserve fewer node names                                                       ; On                 ; On                 ;
; Intel FPGA IP Evaluation Mode                                                   ; Enable             ; Enable             ;
; Verilog Version                                                                 ; Verilog_2001       ; Verilog_2001       ;
; VHDL Version                                                                    ; VHDL_1993          ; VHDL_1993          ;
; State Machine Processing                                                        ; Auto               ; Auto               ;
; Safe State Machine                                                              ; Off                ; Off                ;
; Extract Verilog State Machines                                                  ; On                 ; On                 ;
; Extract VHDL State Machines                                                     ; On                 ; On                 ;
; Ignore Verilog initial constructs                                               ; Off                ; Off                ;
; Iteration limit for constant Verilog loops                                      ; 5000               ; 5000               ;
; Iteration limit for non-constant Verilog loops                                  ; 250                ; 250                ;
; Add Pass-Through Logic to Inferred RAMs                                         ; On                 ; On                 ;
; Infer RAMs from Raw Logic                                                       ; On                 ; On                 ;
; Parallel Synthesis                                                              ; On                 ; On                 ;
; DSP Block Balancing                                                             ; Auto               ; Auto               ;
; NOT Gate Push-Back                                                              ; On                 ; On                 ;
; Power-Up Don't Care                                                             ; On                 ; On                 ;
; Remove Redundant Logic Cells                                                    ; Off                ; Off                ;
; Remove Duplicate Registers                                                      ; On                 ; On                 ;
; Ignore CARRY Buffers                                                            ; Off                ; Off                ;
; Ignore CASCADE Buffers                                                          ; Off                ; Off                ;
; Ignore GLOBAL Buffers                                                           ; Off                ; Off                ;
; Ignore ROW GLOBAL Buffers                                                       ; Off                ; Off                ;
; Ignore LCELL Buffers                                                            ; Off                ; Off                ;
; Ignore SOFT Buffers                                                             ; On                 ; On                 ;
; Limit AHDL Integers to 32 Bits                                                  ; Off                ; Off                ;
; Optimization Technique                                                          ; Balanced           ; Balanced           ;
; Carry Chain Length                                                              ; 70                 ; 70                 ;
; Auto Carry Chains                                                               ; On                 ; On                 ;
; Auto Open-Drain Pins                                                            ; On                 ; On                 ;
; Perform WYSIWYG Primitive Resynthesis                                           ; Off                ; Off                ;
; Auto ROM Replacement                                                            ; On                 ; On                 ;
; Auto RAM Replacement                                                            ; On                 ; On                 ;
; Auto DSP Block Replacement                                                      ; On                 ; On                 ;
; Auto Shift Register Replacement                                                 ; Auto               ; Auto               ;
; Allow Shift Register Merging across Hierarchies                                 ; Auto               ; Auto               ;
; Auto Clock Enable Replacement                                                   ; On                 ; On                 ;
; Strict RAM Replacement                                                          ; Off                ; Off                ;
; Allow Synchronous Control Signals                                               ; On                 ; On                 ;
; Force Use of Synchronous Clear Signals                                          ; Off                ; Off                ;
; Auto Resource Sharing                                                           ; Off                ; Off                ;
; Allow Any RAM Size For Recognition                                              ; Off                ; Off                ;
; Allow Any ROM Size For Recognition                                              ; Off                ; Off                ;
; Allow Any Shift Register Size For Recognition                                   ; Off                ; Off                ;
; Use LogicLock Constraints during Resource Balancing                             ; On                 ; On                 ;
; Ignore translate_off and synthesis_off directives                               ; Off                ; Off                ;
; Timing-Driven Synthesis                                                         ; On                 ; On                 ;
; Report Parameter Settings                                                       ; On                 ; On                 ;
; Report Source Assignments                                                       ; On                 ; On                 ;
; Report Connectivity Checks                                                      ; On                 ; On                 ;
; Ignore Maximum Fan-Out Assignments                                              ; Off                ; Off                ;
; Synchronization Register Chain Length                                           ; 3                  ; 3                  ;
; Power Optimization During Synthesis                                             ; Normal compilation ; Normal compilation ;
; HDL message level                                                               ; Level2             ; Level2             ;
; Suppress Register Optimization Related Messages                                 ; Off                ; Off                ;
; Number of Removed Registers Reported in Synthesis Report                        ; 5000               ; 5000               ;
; Number of Swept Nodes Reported in Synthesis Report                              ; 5000               ; 5000               ;
; Number of Inverted Registers Reported in Synthesis Report                       ; 100                ; 100                ;
; Clock MUX Protection                                                            ; On                 ; On                 ;
; Auto Gated Clock Conversion                                                     ; Off                ; Off                ;
; Block Design Naming                                                             ; Auto               ; Auto               ;
; SDC constraint protection                                                       ; Off                ; Off                ;
; Synthesis Effort                                                                ; Auto               ; Auto               ;
; Shift Register Replacement - Allow Asynchronous Clear Signal                    ; On                 ; On                 ;
; Pre-Mapping Resynthesis Optimization                                            ; Off                ; Off                ;
; Analysis & Synthesis Message Level                                              ; Medium             ; Medium             ;
; Disable Register Merging Across Hierarchies                                     ; Auto               ; Auto               ;
; Resource Aware Inference For Block RAM                                          ; On                 ; On                 ;
; Automatic Parallel Synthesis                                                    ; On                 ; On                 ;
; Partial Reconfiguration Bitstream ID                                            ; Off                ; Off                ;
+---------------------------------------------------------------------------------+--------------------+--------------------+


+------------------------------------------+
; Parallel Compilation                     ;
+----------------------------+-------------+
; Processors                 ; Number      ;
+----------------------------+-------------+
; Number detected on machine ; 4           ;
; Maximum allowed            ; 4           ;
;                            ;             ;
; Average used               ; 1.00        ;
; Maximum used               ; 4           ;
;                            ;             ;
; Usage by Processor         ; % Time Used ;
;     Processor 1            ; 100.0%      ;
;     Processor 2            ;   0.0%      ;
;     Processors 3-4         ;   0.0%      ;
+----------------------------+-------------+


+--------------------------------------------------------------------------------------------------------------------------------------------------------------------------------+
; Analysis & Synthesis Source Files Read                                                                                                                                         ;
+----------------------------------+-----------------+------------------------------------+----------------------------------------------------------------------------+---------+
; File Name with User-Entered Path ; Used in Netlist ; File Type                          ; File Name with Absolute Path                                               ; Library ;
+----------------------------------+-----------------+------------------------------------+----------------------------------------------------------------------------+---------+
; maq_refri.bdf                    ; yes             ; User Block Diagram/Schematic File  ; C:/Users/15522362/Desktop/maq_refri/maq_refri.bdf                          ;         ;
; refri.vhd                        ; yes             ; Auto-Found VHDL File               ; C:/Users/15522362/Desktop/maq_refri/refri.vhd                              ;         ;
; debouncer.v                      ; yes             ; Auto-Found Verilog HDL File        ; C:/Users/15522362/Desktop/maq_refri/debouncer.v                            ;         ;
; lpm_divide.tdf                   ; yes             ; Megafunction                       ; c:/intelfpga_lite/21.1/quartus/libraries/megafunctions/lpm_divide.tdf      ;         ;
; abs_divider.inc                  ; yes             ; Megafunction                       ; c:/intelfpga_lite/21.1/quartus/libraries/megafunctions/abs_divider.inc     ;         ;
; sign_div_unsign.inc              ; yes             ; Megafunction                       ; c:/intelfpga_lite/21.1/quartus/libraries/megafunctions/sign_div_unsign.inc ;         ;
; aglobal211.inc                   ; yes             ; Megafunction                       ; c:/intelfpga_lite/21.1/quartus/libraries/megafunctions/aglobal211.inc      ;         ;
; db/lpm_divide_8am.tdf            ; yes             ; Auto-Generated Megafunction        ; C:/Users/15522362/Desktop/maq_refri/db/lpm_divide_8am.tdf                  ;         ;
; db/sign_div_unsign_ekh.tdf       ; yes             ; Auto-Generated Megafunction        ; C:/Users/15522362/Desktop/maq_refri/db/sign_div_unsign_ekh.tdf             ;         ;
; db/alt_u_div_2te.tdf             ; yes             ; Auto-Generated Megafunction        ; C:/Users/15522362/Desktop/maq_refri/db/alt_u_div_2te.tdf                   ;         ;
; db/lpm_divide_c2m.tdf            ; yes             ; Auto-Generated Megafunction        ; C:/Users/15522362/Desktop/maq_refri/db/lpm_divide_c2m.tdf                  ;         ;
; db/sign_div_unsign_fkh.tdf       ; yes             ; Auto-Generated Megafunction        ; C:/Users/15522362/Desktop/maq_refri/db/sign_div_unsign_fkh.tdf             ;         ;
; db/alt_u_div_4te.tdf             ; yes             ; Auto-Generated Megafunction        ; C:/Users/15522362/Desktop/maq_refri/db/alt_u_div_4te.tdf                   ;         ;
; db/lpm_divide_5am.tdf            ; yes             ; Auto-Generated Megafunction        ; C:/Users/15522362/Desktop/maq_refri/db/lpm_divide_5am.tdf                  ;         ;
; db/sign_div_unsign_bkh.tdf       ; yes             ; Auto-Generated Megafunction        ; C:/Users/15522362/Desktop/maq_refri/db/sign_div_unsign_bkh.tdf             ;         ;
; db/alt_u_div_sse.tdf             ; yes             ; Auto-Generated Megafunction        ; C:/Users/15522362/Desktop/maq_refri/db/alt_u_div_sse.tdf                   ;         ;
+----------------------------------+-----------------+------------------------------------+----------------------------------------------------------------------------+---------+


+---------------------------------------------------------+
; Analysis & Synthesis Resource Usage Summary             ;
+---------------------------------------------+-----------+
; Resource                                    ; Usage     ;
+---------------------------------------------+-----------+
; Estimate of Logic utilization (ALMs needed) ; 196       ;
;                                             ;           ;
; Combinational ALUT usage for logic          ; 347       ;
;     -- 7 input functions                    ; 2         ;
;     -- 6 input functions                    ; 42        ;
;     -- 5 input functions                    ; 27        ;
;     -- 4 input functions                    ; 62        ;
;     -- <=3 input functions                  ; 214       ;
;                                             ;           ;
; Dedicated logic registers                   ; 30        ;
;                                             ;           ;
; I/O pins                                    ; 33        ;
;                                             ;           ;
; Total DSP Blocks                            ; 0         ;
;                                             ;           ;
; Maximum fan-out node                        ; rst~input ;
; Maximum fan-out                             ; 24        ;
; Total fan-out                               ; 1324      ;
; Average fan-out                             ; 2.99      ;
+---------------------------------------------+-----------+


+-----------------------------------------------------------------------------------------------------------------------------------------------------------------------------------------------------------------------------------------------------------------------------------------------------------------+
; Analysis & Synthesis Resource Utilization by Entity                                                                                                                                                                                                                                                             ;
+-------------------------------------------+---------------------+---------------------------+-------------------+------------+------+--------------+-----------------------------------------------------------------------------------------------------------------------+---------------------+--------------+
; Compilation Hierarchy Node                ; Combinational ALUTs ; Dedicated Logic Registers ; Block Memory Bits ; DSP Blocks ; Pins ; Virtual Pins ; Full Hierarchy Name                                                                                                   ; Entity Name         ; Library Name ;
+-------------------------------------------+---------------------+---------------------------+-------------------+------------+------+--------------+-----------------------------------------------------------------------------------------------------------------------+---------------------+--------------+
; |maq_refri                                ; 347 (0)             ; 30 (0)                    ; 0                 ; 0          ; 33   ; 0            ; |maq_refri                                                                                                            ; maq_refri           ; work         ;
;    |debouncer:inst2|                      ; 26 (26)             ; 18 (18)                   ; 0                 ; 0          ; 0    ; 0            ; |maq_refri|debouncer:inst2                                                                                            ; debouncer           ; work         ;
;    |refri:inst|                           ; 321 (139)           ; 12 (12)                   ; 0                 ; 0          ; 0    ; 0            ; |maq_refri|refri:inst                                                                                                 ; refri               ; work         ;
;       |lpm_divide:Div0|                   ; 24 (0)              ; 0 (0)                     ; 0                 ; 0          ; 0    ; 0            ; |maq_refri|refri:inst|lpm_divide:Div0                                                                                 ; lpm_divide          ; work         ;
;          |lpm_divide_8am:auto_generated|  ; 24 (0)              ; 0 (0)                     ; 0                 ; 0          ; 0    ; 0            ; |maq_refri|refri:inst|lpm_divide:Div0|lpm_divide_8am:auto_generated                                                   ; lpm_divide_8am      ; work         ;
;             |sign_div_unsign_ekh:divider| ; 24 (0)              ; 0 (0)                     ; 0                 ; 0          ; 0    ; 0            ; |maq_refri|refri:inst|lpm_divide:Div0|lpm_divide_8am:auto_generated|sign_div_unsign_ekh:divider                       ; sign_div_unsign_ekh ; work         ;
;                |alt_u_div_2te:divider|    ; 24 (24)             ; 0 (0)                     ; 0                 ; 0          ; 0    ; 0            ; |maq_refri|refri:inst|lpm_divide:Div0|lpm_divide_8am:auto_generated|sign_div_unsign_ekh:divider|alt_u_div_2te:divider ; alt_u_div_2te       ; work         ;
;       |lpm_divide:Div1|                   ; 47 (0)              ; 0 (0)                     ; 0                 ; 0          ; 0    ; 0            ; |maq_refri|refri:inst|lpm_divide:Div1                                                                                 ; lpm_divide          ; work         ;
;          |lpm_divide_5am:auto_generated|  ; 47 (0)              ; 0 (0)                     ; 0                 ; 0          ; 0    ; 0            ; |maq_refri|refri:inst|lpm_divide:Div1|lpm_divide_5am:auto_generated                                                   ; lpm_divide_5am      ; work         ;
;             |sign_div_unsign_bkh:divider| ; 47 (0)              ; 0 (0)                     ; 0                 ; 0          ; 0    ; 0            ; |maq_refri|refri:inst|lpm_divide:Div1|lpm_divide_5am:auto_generated|sign_div_unsign_bkh:divider                       ; sign_div_unsign_bkh ; work         ;
;                |alt_u_div_sse:divider|    ; 47 (47)             ; 0 (0)                     ; 0                 ; 0          ; 0    ; 0            ; |maq_refri|refri:inst|lpm_divide:Div1|lpm_divide_5am:auto_generated|sign_div_unsign_bkh:divider|alt_u_div_sse:divider ; alt_u_div_sse       ; work         ;
;       |lpm_divide:Mod0|                   ; 41 (0)              ; 0 (0)                     ; 0                 ; 0          ; 0    ; 0            ; |maq_refri|refri:inst|lpm_divide:Mod0                                                                                 ; lpm_divide          ; work         ;
;          |lpm_divide_c2m:auto_generated|  ; 41 (0)              ; 0 (0)                     ; 0                 ; 0          ; 0    ; 0            ; |maq_refri|refri:inst|lpm_divide:Mod0|lpm_divide_c2m:auto_generated                                                   ; lpm_divide_c2m      ; work         ;
;             |sign_div_unsign_fkh:divider| ; 41 (0)              ; 0 (0)                     ; 0                 ; 0          ; 0    ; 0            ; |maq_refri|refri:inst|lpm_divide:Mod0|lpm_divide_c2m:auto_generated|sign_div_unsign_fkh:divider                       ; sign_div_unsign_fkh ; work         ;
;                |alt_u_div_4te:divider|    ; 41 (41)             ; 0 (0)                     ; 0                 ; 0          ; 0    ; 0            ; |maq_refri|refri:inst|lpm_divide:Mod0|lpm_divide_c2m:auto_generated|sign_div_unsign_fkh:divider|alt_u_div_4te:divider ; alt_u_div_4te       ; work         ;
;       |lpm_divide:Mod1|                   ; 70 (0)              ; 0 (0)                     ; 0                 ; 0          ; 0    ; 0            ; |maq_refri|refri:inst|lpm_divide:Mod1                                                                                 ; lpm_divide          ; work         ;
;          |lpm_divide_c2m:auto_generated|  ; 70 (0)              ; 0 (0)                     ; 0                 ; 0          ; 0    ; 0            ; |maq_refri|refri:inst|lpm_divide:Mod1|lpm_divide_c2m:auto_generated                                                   ; lpm_divide_c2m      ; work         ;
;             |sign_div_unsign_fkh:divider| ; 70 (0)              ; 0 (0)                     ; 0                 ; 0          ; 0    ; 0            ; |maq_refri|refri:inst|lpm_divide:Mod1|lpm_divide_c2m:auto_generated|sign_div_unsign_fkh:divider                       ; sign_div_unsign_fkh ; work         ;
;                |alt_u_div_4te:divider|    ; 70 (70)             ; 0 (0)                     ; 0                 ; 0          ; 0    ; 0            ; |maq_refri|refri:inst|lpm_divide:Mod1|lpm_divide_c2m:auto_generated|sign_div_unsign_fkh:divider|alt_u_div_4te:divider ; alt_u_div_4te       ; work         ;
+-------------------------------------------+---------------------+---------------------------+-------------------+------------+------+--------------+-----------------------------------------------------------------------------------------------------------------------+---------------------+--------------+
Note: For table entries with two numbers listed, the numbers in parentheses indicate the number of resources of the given type used by the specific entity alone. The numbers listed outside of parentheses indicate the total resources of the given type used by the specific entity and all of its sub-entities in the hierarchy.


+---------------------------------------------------------------------------------------------------+
; User-Specified and Inferred Latches                                                               ;
+----------------------------------------------------+---------------------+------------------------+
; Latch Name                                         ; Latch Enable Signal ; Free of Timing Hazards ;
+----------------------------------------------------+---------------------+------------------------+
; refri:inst|button_pressed                          ; GND                 ; yes                    ;
; Number of user-specified and inferred latches = 1  ;                     ;                        ;
+----------------------------------------------------+---------------------+------------------------+
Note: All latches listed above may not be present at the end of synthesis due to various synthesis optimizations.


+------------------------------------------------------+
; General Register Statistics                          ;
+----------------------------------------------+-------+
; Statistic                                    ; Value ;
+----------------------------------------------+-------+
; Total registers                              ; 30    ;
; Number of registers using Synchronous Clear  ; 16    ;
; Number of registers using Synchronous Load   ; 0     ;
; Number of registers using Asynchronous Clear ; 30    ;
; Number of registers using Asynchronous Load  ; 0     ;
; Number of registers using Clock Enable       ; 16    ;
; Number of registers using Preset             ; 0     ;
+----------------------------------------------+-------+


+--------------------------------------------------+
; Inverted Register Statistics                     ;
+----------------------------------------+---------+
; Inverted Register                      ; Fan out ;
+----------------------------------------+---------+
; refri:inst|estado.init~_emulated       ; 1       ;
; Total number of inverted registers = 1 ;         ;
+----------------------------------------+---------+


+-----------------------------------------------------------------------------------------------------------------------------------------------------+
; Multiplexer Restructuring Statistics (Restructuring Performed)                                                                                      ;
+--------------------+-----------+---------------+----------------------+------------------------+------------+---------------------------------------+
; Multiplexer Inputs ; Bus Width ; Baseline Area ; Area if Restructured ; Saving if Restructured ; Registered ; Example Multiplexer Output            ;
+--------------------+-----------+---------------+----------------------+------------------------+------------+---------------------------------------+
; 3:1                ; 16 bits   ; 32 LEs        ; 0 LEs                ; 32 LEs                 ; Yes        ; |maq_refri|debouncer:inst2|counter[1] ;
; 16:1               ; 6 bits    ; 60 LEs        ; 18 LEs               ; 42 LEs                 ; No         ; |maq_refri|refri:inst|Mux0            ;
+--------------------+-----------+---------------+----------------------+------------------------+------------+---------------------------------------+


+--------------------------------------------------------------+
; Parameter Settings for User Entity Instance: debouncer:inst2 ;
+----------------+-------+-------------------------------------+
; Parameter Name ; Value ; Type                                ;
+----------------+-------+-------------------------------------+
; DELAY_BITS     ; 16    ; Signed Integer                      ;
+----------------+-------+-------------------------------------+
Note: In order to hide this table in the UI and the text report file, please set the "Show Parameter Settings in Synthesis Report" option in "Analysis and Synthesis Settings -> More Settings" to "Off".


+-----------------------------------------------------------------------------+
; Parameter Settings for Inferred Entity Instance: refri:inst|lpm_divide:Div0 ;
+------------------------+----------------+-----------------------------------+
; Parameter Name         ; Value          ; Type                              ;
+------------------------+----------------+-----------------------------------+
; LPM_WIDTHN             ; 8              ; Untyped                           ;
; LPM_WIDTHD             ; 7              ; Untyped                           ;
; LPM_NREPRESENTATION    ; UNSIGNED       ; Untyped                           ;
; LPM_DREPRESENTATION    ; UNSIGNED       ; Untyped                           ;
; LPM_PIPELINE           ; 0              ; Untyped                           ;
; LPM_REMAINDERPOSITIVE  ; TRUE           ; Untyped                           ;
; MAXIMIZE_SPEED         ; 5              ; Untyped                           ;
; CBXI_PARAMETER         ; lpm_divide_8am ; Untyped                           ;
; CARRY_CHAIN            ; MANUAL         ; Untyped                           ;
; OPTIMIZE_FOR_SPEED     ; 5              ; Untyped                           ;
; AUTO_CARRY_CHAINS      ; ON             ; AUTO_CARRY                        ;
; IGNORE_CARRY_BUFFERS   ; OFF            ; IGNORE_CARRY                      ;
; AUTO_CASCADE_CHAINS    ; ON             ; AUTO_CASCADE                      ;
; IGNORE_CASCADE_BUFFERS ; OFF            ; IGNORE_CASCADE                    ;
+------------------------+----------------+-----------------------------------+
Note: In order to hide this table in the UI and the text report file, please set the "Show Parameter Settings in Synthesis Report" option in "Analysis and Synthesis Settings -> More Settings" to "Off".


+-----------------------------------------------------------------------------+
; Parameter Settings for Inferred Entity Instance: refri:inst|lpm_divide:Mod0 ;
+------------------------+----------------+-----------------------------------+
; Parameter Name         ; Value          ; Type                              ;
+------------------------+----------------+-----------------------------------+
; LPM_WIDTHN             ; 8              ; Untyped                           ;
; LPM_WIDTHD             ; 8              ; Untyped                           ;
; LPM_NREPRESENTATION    ; UNSIGNED       ; Untyped                           ;
; LPM_DREPRESENTATION    ; UNSIGNED       ; Untyped                           ;
; LPM_PIPELINE           ; 0              ; Untyped                           ;
; LPM_REMAINDERPOSITIVE  ; TRUE           ; Untyped                           ;
; MAXIMIZE_SPEED         ; 5              ; Untyped                           ;
; CBXI_PARAMETER         ; lpm_divide_c2m ; Untyped                           ;
; CARRY_CHAIN            ; MANUAL         ; Untyped                           ;
; OPTIMIZE_FOR_SPEED     ; 5              ; Untyped                           ;
; AUTO_CARRY_CHAINS      ; ON             ; AUTO_CARRY                        ;
; IGNORE_CARRY_BUFFERS   ; OFF            ; IGNORE_CARRY                      ;
; AUTO_CASCADE_CHAINS    ; ON             ; AUTO_CASCADE                      ;
; IGNORE_CASCADE_BUFFERS ; OFF            ; IGNORE_CASCADE                    ;
+------------------------+----------------+-----------------------------------+
Note: In order to hide this table in the UI and the text report file, please set the "Show Parameter Settings in Synthesis Report" option in "Analysis and Synthesis Settings -> More Settings" to "Off".


+-----------------------------------------------------------------------------+
; Parameter Settings for Inferred Entity Instance: refri:inst|lpm_divide:Div1 ;
+------------------------+----------------+-----------------------------------+
; Parameter Name         ; Value          ; Type                              ;
+------------------------+----------------+-----------------------------------+
; LPM_WIDTHN             ; 8              ; Untyped                           ;
; LPM_WIDTHD             ; 4              ; Untyped                           ;
; LPM_NREPRESENTATION    ; UNSIGNED       ; Untyped                           ;
; LPM_DREPRESENTATION    ; UNSIGNED       ; Untyped                           ;
; LPM_PIPELINE           ; 0              ; Untyped                           ;
; LPM_REMAINDERPOSITIVE  ; TRUE           ; Untyped                           ;
; MAXIMIZE_SPEED         ; 5              ; Untyped                           ;
; CBXI_PARAMETER         ; lpm_divide_5am ; Untyped                           ;
; CARRY_CHAIN            ; MANUAL         ; Untyped                           ;
; OPTIMIZE_FOR_SPEED     ; 5              ; Untyped                           ;
; AUTO_CARRY_CHAINS      ; ON             ; AUTO_CARRY                        ;
; IGNORE_CARRY_BUFFERS   ; OFF            ; IGNORE_CARRY                      ;
; AUTO_CASCADE_CHAINS    ; ON             ; AUTO_CASCADE                      ;
; IGNORE_CASCADE_BUFFERS ; OFF            ; IGNORE_CASCADE                    ;
+------------------------+----------------+-----------------------------------+
Note: In order to hide this table in the UI and the text report file, please set the "Show Parameter Settings in Synthesis Report" option in "Analysis and Synthesis Settings -> More Settings" to "Off".


+-----------------------------------------------------------------------------+
; Parameter Settings for Inferred Entity Instance: refri:inst|lpm_divide:Mod1 ;
+------------------------+----------------+-----------------------------------+
; Parameter Name         ; Value          ; Type                              ;
+------------------------+----------------+-----------------------------------+
; LPM_WIDTHN             ; 8              ; Untyped                           ;
; LPM_WIDTHD             ; 8              ; Untyped                           ;
; LPM_NREPRESENTATION    ; UNSIGNED       ; Untyped                           ;
; LPM_DREPRESENTATION    ; UNSIGNED       ; Untyped                           ;
; LPM_PIPELINE           ; 0              ; Untyped                           ;
; LPM_REMAINDERPOSITIVE  ; TRUE           ; Untyped                           ;
; MAXIMIZE_SPEED         ; 5              ; Untyped                           ;
; CBXI_PARAMETER         ; lpm_divide_c2m ; Untyped                           ;
; CARRY_CHAIN            ; MANUAL         ; Untyped                           ;
; OPTIMIZE_FOR_SPEED     ; 5              ; Untyped                           ;
; AUTO_CARRY_CHAINS      ; ON             ; AUTO_CARRY                        ;
; IGNORE_CARRY_BUFFERS   ; OFF            ; IGNORE_CARRY                      ;
; AUTO_CASCADE_CHAINS    ; ON             ; AUTO_CASCADE                      ;
; IGNORE_CASCADE_BUFFERS ; OFF            ; IGNORE_CASCADE                    ;
+------------------------+----------------+-----------------------------------+
Note: In order to hide this table in the UI and the text report file, please set the "Show Parameter Settings in Synthesis Report" option in "Analysis and Synthesis Settings -> More Settings" to "Off".


+-----------------------------------------------------+
; Post-Synthesis Netlist Statistics for Top Partition ;
+-----------------------+-----------------------------+
; Type                  ; Count                       ;
+-----------------------+-----------------------------+
; arriav_ff             ; 30                          ;
;     CLR               ; 14                          ;
;     ENA CLR SCLR      ; 16                          ;
; arriav_lcell_comb     ; 349                         ;
;     arith             ; 126                         ;
;         0 data inputs ; 22                          ;
;         1 data inputs ; 46                          ;
;         2 data inputs ; 8                           ;
;         3 data inputs ; 29                          ;
;         4 data inputs ; 21                          ;
;     extend            ; 2                           ;
;         7 data inputs ; 2                           ;
;     normal            ; 200                         ;
;         0 data inputs ; 1                           ;
;         1 data inputs ; 1                           ;
;         2 data inputs ; 63                          ;
;         3 data inputs ; 25                          ;
;         4 data inputs ; 41                          ;
;         5 data inputs ; 27                          ;
;         6 data inputs ; 42                          ;
;     shared            ; 21                          ;
;         0 data inputs ; 3                           ;
;         1 data inputs ; 18                          ;
; boundary_port         ; 33                          ;
;                       ;                             ;
; Max LUT depth         ; 13.30                       ;
; Average LUT depth     ; 7.35                        ;
+-----------------------+-----------------------------+


+-------------------------------+
; Elapsed Time Per Partition    ;
+----------------+--------------+
; Partition Name ; Elapsed Time ;
+----------------+--------------+
; Top            ; 00:00:00     ;
+----------------+--------------+


+-------------------------------+
; Analysis & Synthesis Messages ;
+-------------------------------+
Info: *******************************************************************
Info: Running Quartus Prime Analysis & Synthesis
    Info: Version 21.1.0 Build 842 10/21/2021 SJ Lite Edition
    Info: Processing started: Fri Nov 22 12:08:41 2024
Info: Command: quartus_map --read_settings_files=on --write_settings_files=off maq_refri -c maq_refri
Warning (18236): Number of processors has not been specified which may cause overloading on shared machines.  Set the global assignment NUM_PARALLEL_PROCESSORS in your QSF to an appropriate value for best performance.
Info (20030): Parallel compilation is enabled and will use 4 of the 4 processors detected
Info (12021): Found 1 design units, including 1 entities, in source file maq_refri.bdf
    Info (12023): Found entity 1: maq_refri
Info (12127): Elaborating entity "maq_refri" for the top level hierarchy
Warning (275011): Block or symbol "debouncer" of instance "inst2" overlaps another block or symbol
Warning (12125): Using design file refri.vhd, which is not specified as a design file for the current project, but contains definitions for 2 design units and 1 entities in project
    Info (12022): Found design unit 1: refri-main File: C:/Users/15522362/Desktop/maq_refri/refri.vhd Line: 18
    Info (12023): Found entity 1: refri File: C:/Users/15522362/Desktop/maq_refri/refri.vhd Line: 5
Info (12128): Elaborating entity "refri" for hierarchy "refri:inst"
Warning (10492): VHDL Process Statement warning at refri.vhd(65): signal "estado" is read inside the Process Statement but isn't in the Process Statement's sensitivity list File: C:/Users/15522362/Desktop/maq_refri/refri.vhd Line: 65
Warning (10492): VHDL Process Statement warning at refri.vhd(67): signal "atual" is read inside the Process Statement but isn't in the Process Statement's sensitivity list File: C:/Users/15522362/Desktop/maq_refri/refri.vhd Line: 67
Warning (10631): VHDL Process Statement warning at refri.vhd(54): inferring latch(es) for signal or variable "button_pressed", which holds its previous value in one or more paths through the process File: C:/Users/15522362/Desktop/maq_refri/refri.vhd Line: 54
Info (10041): Inferred latch for "button_pressed" at refri.vhd(54) File: C:/Users/15522362/Desktop/maq_refri/refri.vhd Line: 54
Info (10018): Can't recognize finite state machine "estado" because it has a complex reset state
Warning (12125): Using design file debouncer.v, which is not specified as a design file for the current project, but contains definitions for 1 design units and 1 entities in project
    Info (12023): Found entity 1: debouncer File: C:/Users/15522362/Desktop/maq_refri/debouncer.v Line: 28
Info (12128): Elaborating entity "debouncer" for hierarchy "debouncer:inst2"
Warning (10230): Verilog HDL assignment warning at debouncer.v(71): truncated value with size 32 to match size of target (16) File: C:/Users/15522362/Desktop/maq_refri/debouncer.v Line: 71
Info (278001): Inferred 4 megafunctions from design logic
    Info (278004): Inferred divider/modulo megafunction ("lpm_divide") from the following logic: "refri:inst|Div0" File: C:/Users/15522362/Desktop/maq_refri/refri.vhd Line: 110
    Info (278004): Inferred divider/modulo megafunction ("lpm_divide") from the following logic: "refri:inst|Mod0" File: C:/Users/15522362/Desktop/maq_refri/refri.vhd Line: 111
    Info (278004): Inferred divider/modulo megafunction ("lpm_divide") from the following logic: "refri:inst|Div1" File: C:/Users/15522362/Desktop/maq_refri/refri.vhd Line: 111
    Info (278004): Inferred divider/modulo megafunction ("lpm_divide") from the following logic: "refri:inst|Mod1" File: C:/Users/15522362/Desktop/maq_refri/refri.vhd Line: 112
Info (12130): Elaborated megafunction instantiation "refri:inst|lpm_divide:Div0" File: C:/Users/15522362/Desktop/maq_refri/refri.vhd Line: 110
Info (12133): Instantiated megafunction "refri:inst|lpm_divide:Div0" with the following parameter: File: C:/Users/15522362/Desktop/maq_refri/refri.vhd Line: 110
    Info (12134): Parameter "LPM_WIDTHN" = "8"
    Info (12134): Parameter "LPM_WIDTHD" = "7"
    Info (12134): Parameter "LPM_NREPRESENTATION" = "UNSIGNED"
    Info (12134): Parameter "LPM_DREPRESENTATION" = "UNSIGNED"
Info (12021): Found 1 design units, including 1 entities, in source file db/lpm_divide_8am.tdf
    Info (12023): Found entity 1: lpm_divide_8am File: C:/Users/15522362/Desktop/maq_refri/db/lpm_divide_8am.tdf Line: 25
Info (12021): Found 1 design units, including 1 entities, in source file db/sign_div_unsign_ekh.tdf
    Info (12023): Found entity 1: sign_div_unsign_ekh File: C:/Users/15522362/Desktop/maq_refri/db/sign_div_unsign_ekh.tdf Line: 25
Info (12021): Found 1 design units, including 1 entities, in source file db/alt_u_div_2te.tdf
    Info (12023): Found entity 1: alt_u_div_2te File: C:/Users/15522362/Desktop/maq_refri/db/alt_u_div_2te.tdf Line: 23
Info (12130): Elaborated megafunction instantiation "refri:inst|lpm_divide:Mod0" File: C:/Users/15522362/Desktop/maq_refri/refri.vhd Line: 111
Info (12133): Instantiated megafunction "refri:inst|lpm_divide:Mod0" with the following parameter: File: C:/Users/15522362/Desktop/maq_refri/refri.vhd Line: 111
    Info (12134): Parameter "LPM_WIDTHN" = "8"
    Info (12134): Parameter "LPM_WIDTHD" = "8"
    Info (12134): Parameter "LPM_NREPRESENTATION" = "UNSIGNED"
    Info (12134): Parameter "LPM_DREPRESENTATION" = "UNSIGNED"
Info (12021): Found 1 design units, including 1 entities, in source file db/lpm_divide_c2m.tdf
    Info (12023): Found entity 1: lpm_divide_c2m File: C:/Users/15522362/Desktop/maq_refri/db/lpm_divide_c2m.tdf Line: 25
Info (12021): Found 1 design units, including 1 entities, in source file db/sign_div_unsign_fkh.tdf
    Info (12023): Found entity 1: sign_div_unsign_fkh File: C:/Users/15522362/Desktop/maq_refri/db/sign_div_unsign_fkh.tdf Line: 25
Info (12021): Found 1 design units, including 1 entities, in source file db/alt_u_div_4te.tdf
    Info (12023): Found entity 1: alt_u_div_4te File: C:/Users/15522362/Desktop/maq_refri/db/alt_u_div_4te.tdf Line: 23
Info (12130): Elaborated megafunction instantiation "refri:inst|lpm_divide:Div1" File: C:/Users/15522362/Desktop/maq_refri/refri.vhd Line: 111
Info (12133): Instantiated megafunction "refri:inst|lpm_divide:Div1" with the following parameter: File: C:/Users/15522362/Desktop/maq_refri/refri.vhd Line: 111
    Info (12134): Parameter "LPM_WIDTHN" = "8"
    Info (12134): Parameter "LPM_WIDTHD" = "4"
    Info (12134): Parameter "LPM_NREPRESENTATION" = "UNSIGNED"
    Info (12134): Parameter "LPM_DREPRESENTATION" = "UNSIGNED"
Info (12021): Found 1 design units, including 1 entities, in source file db/lpm_divide_5am.tdf
    Info (12023): Found entity 1: lpm_divide_5am File: C:/Users/15522362/Desktop/maq_refri/db/lpm_divide_5am.tdf Line: 25
Info (12021): Found 1 design units, including 1 entities, in source file db/sign_div_unsign_bkh.tdf
    Info (12023): Found entity 1: sign_div_unsign_bkh File: C:/Users/15522362/Desktop/maq_refri/db/sign_div_unsign_bkh.tdf Line: 25
Info (12021): Found 1 design units, including 1 entities, in source file db/alt_u_div_sse.tdf
    Info (12023): Found entity 1: alt_u_div_sse File: C:/Users/15522362/Desktop/maq_refri/db/alt_u_div_sse.tdf Line: 23
Info (12130): Elaborated megafunction instantiation "refri:inst|lpm_divide:Mod1" File: C:/Users/15522362/Desktop/maq_refri/refri.vhd Line: 112
Info (12133): Instantiated megafunction "refri:inst|lpm_divide:Mod1" with the following parameter: File: C:/Users/15522362/Desktop/maq_refri/refri.vhd Line: 112
    Info (12134): Parameter "LPM_WIDTHN" = "8"
    Info (12134): Parameter "LPM_WIDTHD" = "8"
    Info (12134): Parameter "LPM_NREPRESENTATION" = "UNSIGNED"
    Info (12134): Parameter "LPM_DREPRESENTATION" = "UNSIGNED"
Warning (13004): Presettable and clearable registers converted to equivalent circuits with latches. Registers power-up to an undefined state, and DEVCLRn places the registers in an undefined state.
    Warning (13310): Register "refri:inst|estado.retorna" is converted into an equivalent circuit using register "refri:inst|estado.retorna~_emulated" and latch "refri:inst|estado.retorna~1" File: C:/Users/15522362/Desktop/maq_refri/refri.vhd Line: 20
    Warning (13310): Register "refri:inst|estado.refri" is converted into an equivalent circuit using register "refri:inst|estado.refri~_emulated" and latch "refri:inst|estado.refri~1" File: C:/Users/15522362/Desktop/maq_refri/refri.vhd Line: 20
    Warning (13310): Register "refri:inst|atual[0]" is converted into an equivalent circuit using register "refri:inst|atual[0]~_emulated" and latch "refri:inst|atual[0]~1" File: C:/Users/15522362/Desktop/maq_refri/refri.vhd Line: 61
    Warning (13310): Register "refri:inst|atual[1]" is converted into an equivalent circuit using register "refri:inst|atual[1]~_emulated" and latch "refri:inst|atual[1]~5" File: C:/Users/15522362/Desktop/maq_refri/refri.vhd Line: 61
    Warning (13310): Register "refri:inst|atual[2]" is converted into an equivalent circuit using register "refri:inst|atual[2]~_emulated" and latch "refri:inst|atual[2]~9" File: C:/Users/15522362/Desktop/maq_refri/refri.vhd Line: 61
    Warning (13310): Register "refri:inst|atual[3]" is converted into an equivalent circuit using register "refri:inst|atual[3]~_emulated" and latch "refri:inst|atual[3]~13" File: C:/Users/15522362/Desktop/maq_refri/refri.vhd Line: 61
    Warning (13310): Register "refri:inst|atual[7]" is converted into an equivalent circuit using register "refri:inst|atual[7]~_emulated" and latch "refri:inst|atual[7]~17" File: C:/Users/15522362/Desktop/maq_refri/refri.vhd Line: 61
    Warning (13310): Register "refri:inst|atual[6]" is converted into an equivalent circuit using register "refri:inst|atual[6]~_emulated" and latch "refri:inst|atual[6]~21" File: C:/Users/15522362/Desktop/maq_refri/refri.vhd Line: 61
    Warning (13310): Register "refri:inst|atual[5]" is converted into an equivalent circuit using register "refri:inst|atual[5]~_emulated" and latch "refri:inst|atual[5]~25" File: C:/Users/15522362/Desktop/maq_refri/refri.vhd Line: 61
    Warning (13310): Register "refri:inst|atual[4]" is converted into an equivalent circuit using register "refri:inst|atual[4]~_emulated" and latch "refri:inst|atual[4]~29" File: C:/Users/15522362/Desktop/maq_refri/refri.vhd Line: 61
    Warning (13310): Register "debouncer:inst2|out_key" is converted into an equivalent circuit using register "debouncer:inst2|out_key~_emulated" and latch "debouncer:inst2|out_key~1" File: C:/Users/15522362/Desktop/maq_refri/debouncer.v Line: 42
    Warning (13310): Register "refri:inst|estado.init" is converted into an equivalent circuit using register "refri:inst|estado.init~_emulated" and latch "refri:inst|estado.init~1" File: C:/Users/15522362/Desktop/maq_refri/refri.vhd Line: 20
    Warning (13310): Register "debouncer:inst2|intermediate" is converted into an equivalent circuit using register "debouncer:inst2|intermediate~_emulated" and latch "debouncer:inst2|out_key~1" File: C:/Users/15522362/Desktop/maq_refri/debouncer.v Line: 50
Warning (13024): Output pins are stuck at VCC or GND
    Warning (13410): Pin "c100[5]" is stuck at GND
Info (286030): Timing-Driven Synthesis is running
Info (16010): Generating hard_block partition "hard_block:auto_generated_inst"
    Info (16011): Adding 0 node(s), including 0 DDIO, 0 PLL, 0 transceiver and 0 LCELL
Info (21057): Implemented 380 device resources after synthesis - the final resource count might be different
    Info (21058): Implemented 9 input pins
    Info (21059): Implemented 24 output pins
    Info (21061): Implemented 347 logic cells
Info: Quartus Prime Analysis & Synthesis was successful. 0 errors, 24 warnings
    Info: Peak virtual memory: 4883 megabytes
    Info: Processing ended: Fri Nov 22 12:08:51 2024
    Info: Elapsed time: 00:00:10
    Info: Total CPU time (on all processors): 00:00:19


