------------------------------------------------------------
Timing Analyzer Summary
------------------------------------------------------------

Type  : Slow 1100mV 85C Model Setup 'reset_d'
Slack : -17.827
TNS   : -209.189

Type  : Slow 1100mV 85C Model Setup 'botao'
Slack : -16.833
TNS   : -109.012

Type  : Slow 1100mV 85C Model Setup 'Fpga'
Slack : -3.768
TNS   : -53.783

Type  : Slow 1100mV 85C Model Hold 'Fpga'
Slack : 0.428
TNS   : 0.000

Type  : Slow 1100mV 85C Model Hold 'botao'
Slack : 1.445
TNS   : 0.000

Type  : Slow 1100mV 85C Model Hold 'reset_d'
Slack : 1.546
TNS   : 0.000

Type  : Slow 1100mV 85C Model Recovery 'reset_d'
Slack : -4.163
TNS   : -49.299

Type  : Slow 1100mV 85C Model Recovery 'Fpga'
Slack : -2.644
TNS   : -47.512

Type  : Slow 1100mV 85C Model Removal 'Fpga'
Slack : 1.164
TNS   : 0.000

Type  : Slow 1100mV 85C Model Removal 'reset_d'
Slack : 2.214
TNS   : 0.000

Type  : Slow 1100mV 85C Model Minimum Pulse Width 'Fpga'
Slack : -0.538
TNS   : -14.035

Type  : Slow 1100mV 85C Model Minimum Pulse Width 'reset_d'
Slack : -0.538
TNS   : -11.631

Type  : Slow 1100mV 85C Model Minimum Pulse Width 'botao'
Slack : 0.136
TNS   : 0.000

Type  : Slow 1100mV 0C Model Setup 'reset_d'
Slack : -17.664
TNS   : -207.149

Type  : Slow 1100mV 0C Model Setup 'botao'
Slack : -16.728
TNS   : -106.867

Type  : Slow 1100mV 0C Model Setup 'Fpga'
Slack : -3.576
TNS   : -51.587

Type  : Slow 1100mV 0C Model Hold 'Fpga'
Slack : 0.411
TNS   : 0.000

Type  : Slow 1100mV 0C Model Hold 'botao'
Slack : 1.298
TNS   : 0.000

Type  : Slow 1100mV 0C Model Hold 'reset_d'
Slack : 1.481
TNS   : 0.000

Type  : Slow 1100mV 0C Model Recovery 'reset_d'
Slack : -3.979
TNS   : -47.254

Type  : Slow 1100mV 0C Model Recovery 'Fpga'
Slack : -2.413
TNS   : -43.319

Type  : Slow 1100mV 0C Model Removal 'Fpga'
Slack : 0.854
TNS   : 0.000

Type  : Slow 1100mV 0C Model Removal 'reset_d'
Slack : 2.082
TNS   : 0.000

Type  : Slow 1100mV 0C Model Minimum Pulse Width 'reset_d'
Slack : -0.544
TNS   : -11.723

Type  : Slow 1100mV 0C Model Minimum Pulse Width 'Fpga'
Slack : -0.538
TNS   : -14.088

Type  : Slow 1100mV 0C Model Minimum Pulse Width 'botao'
Slack : 0.190
TNS   : 0.000

Type  : Fast 1100mV 85C Model Setup 'reset_d'
Slack : -8.779
TNS   : -103.143

Type  : Fast 1100mV 85C Model Setup 'botao'
Slack : -8.039
TNS   : -56.273

Type  : Fast 1100mV 85C Model Setup 'Fpga'
Slack : -2.081
TNS   : -27.083

Type  : Fast 1100mV 85C Model Hold 'Fpga'
Slack : 0.090
TNS   : 0.000

Type  : Fast 1100mV 85C Model Hold 'botao'
Slack : 0.475
TNS   : 0.000

Type  : Fast 1100mV 85C Model Hold 'reset_d'
Slack : 0.788
TNS   : 0.000

Type  : Fast 1100mV 85C Model Recovery 'reset_d'
Slack : -2.658
TNS   : -31.482

Type  : Fast 1100mV 85C Model Recovery 'Fpga'
Slack : -1.570
TNS   : -28.239

Type  : Fast 1100mV 85C Model Removal 'Fpga'
Slack : 0.339
TNS   : 0.000

Type  : Fast 1100mV 85C Model Removal 'reset_d'
Slack : 1.306
TNS   : 0.000

Type  : Fast 1100mV 85C Model Minimum Pulse Width 'reset_d'
Slack : -0.465
TNS   : -5.074

Type  : Fast 1100mV 85C Model Minimum Pulse Width 'botao'
Slack : -0.148
TNS   : -2.421

Type  : Fast 1100mV 85C Model Minimum Pulse Width 'Fpga'
Slack : -0.098
TNS   : -1.755

Type  : Fast 1100mV 0C Model Setup 'reset_d'
Slack : -7.848
TNS   : -92.319

Type  : Fast 1100mV 0C Model Setup 'botao'
Slack : -7.302
TNS   : -50.545

Type  : Fast 1100mV 0C Model Setup 'Fpga'
Slack : -1.858
TNS   : -23.989

Type  : Fast 1100mV 0C Model Hold 'Fpga'
Slack : 0.068
TNS   : 0.000

Type  : Fast 1100mV 0C Model Hold 'botao'
Slack : 0.422
TNS   : 0.000

Type  : Fast 1100mV 0C Model Hold 'reset_d'
Slack : 0.681
TNS   : 0.000

Type  : Fast 1100mV 0C Model Recovery 'reset_d'
Slack : -2.373
TNS   : -28.077

Type  : Fast 1100mV 0C Model Recovery 'Fpga'
Slack : -1.348
TNS   : -24.239

Type  : Fast 1100mV 0C Model Removal 'Fpga'
Slack : 0.198
TNS   : 0.000

Type  : Fast 1100mV 0C Model Removal 'reset_d'
Slack : 1.086
TNS   : 0.000

Type  : Fast 1100mV 0C Model Minimum Pulse Width 'reset_d'
Slack : -0.440
TNS   : -4.876

Type  : Fast 1100mV 0C Model Minimum Pulse Width 'botao'
Slack : -0.119
TNS   : -1.938

Type  : Fast 1100mV 0C Model Minimum Pulse Width 'Fpga'
Slack : -0.100
TNS   : -1.776

------------------------------------------------------------
